<html>
<body>
<pre>
<h1>µVision Build Log</h1>
<h2>Tool Versions:</h2>
IDE-Version: µVision V5.26.2.0
Copyright (C) 2018 ARM Ltd and ARM Germany GmbH. All rights reserved.
License Information: Alex Sedyshev, DaWinch, LIC=----
 
Tool Versions:
Toolchain:       MDK-Lite  Version: 5.26.2.0
Toolchain Path:  C:\Keil_v5\ARM\ARMCC\Bin
C Compiler:      Armcc.exe V5.06 update 6 (build 750)
Assembler:       Armasm.exe V5.06 update 6 (build 750)
Linker/Locator:  ArmLink.exe V5.06 update 6 (build 750)
Library Manager: ArmAr.exe V5.06 update 6 (build 750)
Hex Converter:   FromElf.exe V5.06 update 6 (build 750)
CPU DLL:         SARMCM3.DLL V5.26.2.0
Dialog DLL:      DARMCM1.DLL V1.19.1.0
Target DLL:      STLink\ST-LINKIII-KEIL_SWO.dll V3.0.5.0
Dialog DLL:      TARMCM1.DLL V1.14.0.0
 
<h2>Project:</h2>
C:\STM\Workspace\!STM32F042\CC1101_T191_Touch\CC1101_T191_Touch.uvprojx
Project File Date:  02/15/2019

<h2>Output:</h2>
*** Using Compiler 'V5.06 update 6 (build 750)', folder: 'C:\Keil_v5\ARM\ARMCC\Bin'
Build target 'Target 1'
compiling main.c...
main.c(228): warning:  #550-D: variable "temp"  was set but never used
  	uint8_t j_,temp;
main.c(244): warning:  #550-D: variable "temp"  was set but never used
  	uint8_t j_,temp;
main.c(819): warning:  #167-D: argument of type "uint8_t *" is incompatible with parameter of type "char *"
  		LCD_Gotoxy (0,6);	LCD_PrintStr(">",0); LCD_PrintStr(RX_BUF,0);	
main.c: 3 warnings, 0 errors
linking...
Program Size: Code=4144 RO-data=1388 RW-data=56 ZI-data=1664  
FromELF: creating hex file...
".\Objects\Test.axf" - 0 Error(s), 3 Warning(s).

<h2>Software Packages used:</h2>

Package Vendor: ARM
                http://www.keil.com/pack/ARM.CMSIS.5.4.0.pack
                ARM.CMSIS.5.4.0
                CMSIS (Cortex Microcontroller Software Interface Standard)
   * Component: CORE Version: 5.1.2

Package Vendor: Keil
                http://www.keil.com/pack/Keil.STM32F0xx_DFP.2.0.0.pack
                Keil.STM32F0xx_DFP.2.0.0
                STMicroelectronics STM32F0 Series Device Support, Drivers and Examples
   * Component: Startup Version: 1.0.0

<h2>Collection of Component include folders:</h2>
  .\RTE\_Target_1
  C:\Keil_v5\ARM\PACK\ARM\CMSIS\5.4.0\CMSIS\Core\Include
  C:\Keil_v5\ARM\PACK\Keil\STM32F0xx_DFP\2.0.0\Drivers\CMSIS\Device\ST\STM32F0xx\Include

<h2>Collection of Component Files used:</h2>

   * Component: ARM::CMSIS:CORE:5.1.2

   * Component: Keil.Standalone::Device:Startup:1.0.0
      Source file:   MDK\Device\Source\ARM\STM32F0xx_OPT.s
      Source file:   Drivers\CMSIS\Device\ST\STM32F0xx\Source\Templates\system_stm32f0xx.c
      Include file:  Drivers\CMSIS\Device\ST\STM32F0xx\Include\stm32f0xx.h
      Source file:   Drivers\CMSIS\Device\ST\STM32F0xx\Source\Templates\arm\startup_stm32f042x6.s
Build Time Elapsed:  00:00:03
</pre>
</body>
</html>
